#-----------------------------------------------------------
# Vivado v2026.1 (64-bit)
# SW Build 6511674 on Tue Jun 16 11:02:23 MDT 2026
# IP Build 6504888 on Tue Jun 09 09:05:25 MDT 2026
# SharedData Build 6501428 on Mon Jun 08 17:34:18 MDT 2026
# Start of session at: Wed Sep 30 16:06:11 2026
# Process ID         : 118436
# Current directory  : E:/CO assignment/fp16_multiplier/fp16_multiplier.runs/synth_1
# Command line       : vivado.exe -log fp16_multiplier.vds -product Vivado -mode batch -messageDb vivado.pb -notrace -source fp16_multiplier.tcl
# Log file           : E:/CO assignment/fp16_multiplier/fp16_multiplier.runs/synth_1/fp16_multiplier.vds
# Journal file       : E:/CO assignment/fp16_multiplier/fp16_multiplier.runs/synth_1\vivado.jou
# Running On         : TARUN-PC
# Platform           : Windows 11
# Operating System   : 26300
# Processor Detail   : AMD Ryzen 7 8845HS w/ Radeon 780M Graphics
# CPU Frequency      : 3793 MHz
# CPU Physical cores : 8
# CPU Logical cores  : 16
# Host memory        : 33615 MB
# Swap memory        : 22422 MB
# Total Virtual      : 56038 MB
# Available Virtual  : 2227 MB
#-----------------------------------------------------------
source fp16_multiplier.tcl -notrace
