#-----------------------------------------------------------
# Vivado v2026.1 (64-bit)
# SW Build 6511674 on Tue Jun 16 11:02:23 MDT 2026
# IP Build 6504888 on Tue Jun 09 09:05:25 MDT 2026
# SharedData Build 6501428 on Mon Jun 08 17:34:18 MDT 2026
# Start of session at: Tue Sep 29 15:37:07 2026
# Process ID         : 48716
# Current directory  : E:/CO assignment/CLA_16/CLA_16.runs/synth_1
# Command line       : vivado.exe -log cla16.vds -product Vivado -mode batch -messageDb vivado.pb -notrace -source cla16.tcl
# Log file           : E:/CO assignment/CLA_16/CLA_16.runs/synth_1/cla16.vds
# Journal file       : E:/CO assignment/CLA_16/CLA_16.runs/synth_1\vivado.jou
# Running On         : TARUN-PC
# Platform           : Windows 11
# Operating System   : 26300
# Processor Detail   : AMD Ryzen 7 8845HS w/ Radeon 780M Graphics
# CPU Frequency      : 3793 MHz
# CPU Physical cores : 8
# CPU Logical cores  : 16
# Host memory        : 33615 MB
# Swap memory        : 18097 MB
# Total Virtual      : 51713 MB
# Available Virtual  : 3052 MB
#-----------------------------------------------------------
source cla16.tcl -notrace
